2024-09-27 08:39:11 startup archives unpack
2024-09-27 08:39:11 install efibootmgr:amd64 <none> 18-1build2
2024-09-27 08:39:11 status half-installed efibootmgr:amd64 18-1build2
2024-09-27 08:39:11 status triggers-pending man-db:amd64 2.12.0-4build2
2024-09-27 08:39:11 status unpacked efibootmgr:amd64 18-1build2
2024-09-27 08:39:11 install grub-efi-amd64-bin:amd64 <none> 2.12-1ubuntu7
2024-09-27 08:39:11 status half-installed grub-efi-amd64-bin:amd64 2.12-1ubuntu7
2024-09-27 08:39:11 status unpacked grub-efi-amd64-bin:amd64 2.12-1ubuntu7
2024-09-27 08:39:11 install grub-efi-amd64-signed:amd64 <none> 1.202+2.12-1ubuntu7
2024-09-27 08:39:11 status half-installed grub-efi-amd64-signed:amd64 1.202+2.12-1ubuntu7
2024-09-27 08:39:11 status unpacked grub-efi-amd64-signed:amd64 1.202+2.12-1ubuntu7
2024-09-27 08:39:11 install mokutil:amd64 <none> 0.6.0-2build3
2024-09-27 08:39:11 status half-installed mokutil:amd64 0.6.0-2build3
2024-09-27 08:39:11 status unpacked mokutil:amd64 0.6.0-2build3
2024-09-27 08:39:11 install shim-signed:amd64 <none> 1.58+15.8-0ubuntu1
2024-09-27 08:39:11 status half-installed shim-signed:amd64 1.58+15.8-0ubuntu1
2024-09-27 08:39:11 status unpacked shim-signed:amd64 1.58+15.8-0ubuntu1
2024-09-27 08:39:11 startup packages configure
2024-09-27 08:39:11 configure efibootmgr:amd64 18-1build2 <none>
2024-09-27 08:39:11 status unpacked efibootmgr:amd64 18-1build2
2024-09-27 08:39:11 status half-configured efibootmgr:amd64 18-1build2
2024-09-27 08:39:11 status installed efibootmgr:amd64 18-1build2
2024-09-27 08:39:11 configure mokutil:amd64 0.6.0-2build3 <none>
2024-09-27 08:39:11 status unpacked mokutil:amd64 0.6.0-2build3
2024-09-27 08:39:11 status half-configured mokutil:amd64 0.6.0-2build3
2024-09-27 08:39:11 status installed mokutil:amd64 0.6.0-2build3
2024-09-27 08:39:11 configure grub-efi-amd64-bin:amd64 2.12-1ubuntu7 <none>
2024-09-27 08:39:11 status unpacked grub-efi-amd64-bin:amd64 2.12-1ubuntu7
2024-09-27 08:39:11 status half-configured grub-efi-amd64-bin:amd64 2.12-1ubuntu7
2024-09-27 08:39:11 status installed grub-efi-amd64-bin:amd64 2.12-1ubuntu7
2024-09-27 08:39:11 configure grub-efi-amd64-signed:amd64 1.202+2.12-1ubuntu7 <none>
2024-09-27 08:39:11 status unpacked grub-efi-amd64-signed:amd64 1.202+2.12-1ubuntu7
2024-09-27 08:39:11 status half-configured grub-efi-amd64-signed:amd64 1.202+2.12-1ubuntu7
2024-09-27 08:39:11 status installed grub-efi-amd64-signed:amd64 1.202+2.12-1ubuntu7
2024-09-27 08:39:11 configure shim-signed:amd64 1.58+15.8-0ubuntu1 <none>
2024-09-27 08:39:11 status unpacked shim-signed:amd64 1.58+15.8-0ubuntu1
2024-09-27 08:39:11 status half-configured shim-signed:amd64 1.58+15.8-0ubuntu1
2024-09-27 08:39:11 status installed shim-signed:amd64 1.58+15.8-0ubuntu1
2024-09-27 08:39:11 trigproc man-db:amd64 2.12.0-4build2 <none>
2024-09-27 08:39:11 status half-configured man-db:amd64 2.12.0-4build2
2024-09-27 08:39:12 status installed man-db:amd64 2.12.0-4build2
2024-09-27 08:40:59 startup packages remove
2024-09-27 08:40:59 status installed libc6-dev:amd64 2.39-0ubuntu8.3
2024-09-27 08:40:59 remove libc6-dev:amd64 2.39-0ubuntu8.3 <none>
2024-09-27 08:40:59 status half-configured libc6-dev:amd64 2.39-0ubuntu8.3
2024-09-27 08:40:59 status half-installed libc6-dev:amd64 2.39-0ubuntu8.3
2024-09-27 08:40:59 status config-files libc6-dev:amd64 2.39-0ubuntu8.3
2024-09-27 08:40:59 status not-installed libc6-dev:amd64 <none>
2024-09-27 08:40:59 status installed linux-virtual:amd64 6.8.0-45.45
2024-09-27 08:40:59 remove linux-virtual:amd64 6.8.0-45.45 <none>
2024-09-27 08:40:59 status half-configured linux-virtual:amd64 6.8.0-45.45
2024-09-27 08:40:59 status half-installed linux-virtual:amd64 6.8.0-45.45
2024-09-27 08:40:59 status config-files linux-virtual:amd64 6.8.0-45.45
2024-09-27 08:40:59 status not-installed linux-virtual:amd64 <none>
2024-09-27 08:40:59 status installed linux-headers-virtual:amd64 6.8.0-45.45
2024-09-27 08:40:59 remove linux-headers-virtual:amd64 6.8.0-45.45 <none>
2024-09-27 08:40:59 status half-configured linux-headers-virtual:amd64 6.8.0-45.45
2024-09-27 08:40:59 status half-installed linux-headers-virtual:amd64 6.8.0-45.45
2024-09-27 08:40:59 status config-files linux-headers-virtual:amd64 6.8.0-45.45
2024-09-27 08:40:59 status not-installed linux-headers-virtual:amd64 <none>
2024-09-27 08:40:59 status installed linux-headers-generic:amd64 6.8.0-45.45
2024-09-27 08:40:59 remove linux-headers-generic:amd64 6.8.0-45.45 <none>
2024-09-27 08:40:59 status half-configured linux-headers-generic:amd64 6.8.0-45.45
2024-09-27 08:40:59 status half-installed linux-headers-generic:amd64 6.8.0-45.45
2024-09-27 08:40:59 status config-files linux-headers-generic:amd64 6.8.0-45.45
2024-09-27 08:40:59 status not-installed linux-headers-generic:amd64 <none>
2024-09-27 08:40:59 status installed linux-headers-6.8.0-45-generic:amd64 6.8.0-45.45
2024-09-27 08:40:59 remove linux-headers-6.8.0-45-generic:amd64 6.8.0-45.45 <none>
2024-09-27 08:40:59 status half-configured linux-headers-6.8.0-45-generic:amd64 6.8.0-45.45
2024-09-27 08:40:59 status half-installed linux-headers-6.8.0-45-generic:amd64 6.8.0-45.45
2024-09-27 08:40:59 status config-files linux-headers-6.8.0-45-generic:amd64 6.8.0-45.45
2024-09-27 08:40:59 status not-installed linux-headers-6.8.0-45-generic:amd64 <none>
2024-09-27 08:40:59 status installed linux-headers-6.8.0-45:all 6.8.0-45.45
2024-09-27 08:40:59 remove linux-headers-6.8.0-45:all 6.8.0-45.45 <none>
2024-09-27 08:40:59 status half-configured linux-headers-6.8.0-45:all 6.8.0-45.45
2024-09-27 08:40:59 status half-installed linux-headers-6.8.0-45:all 6.8.0-45.45
2024-09-27 08:41:00 status config-files linux-headers-6.8.0-45:all 6.8.0-45.45
2024-09-27 08:41:00 status not-installed linux-headers-6.8.0-45:all <none>
2024-09-27 08:41:00 status_test installed linux-image-virtual:amd64 6.8.0-45.45
2024-09-27 08:41:00 remove linux-image-virtual:amd64 6.8.0-45.45 <none>
2024-09-27 08:41:00 status half-configured linux-image-virtual:amd64 6.8.0-45.45
2024-09-27 08:41:00 status half-installed linux-image-virtual:amd64 6.8.0-45.45
2024-09-27 08:41:00 status config-files linux-image-virtual:amd64 6.8.0-45.45
2024-09-27 08:41:00 status_test not-installed linux-image-virtual:amd64 <none>
2024-09-27 08:41:00 status installed linux-image-6.8.0-45-generic:amd64 6.8.0-45.45
2024-09-27 08:41:00 remove linux-image-6.8.0-45-generic:amd64 6.8.0-45.45 <none>
2024-09-27 08:41:00 status half-configured linux-image-6.8.0-45-generic:amd64 6.8.0-45.45
2024-09-27 08:41:00 status_test  half-installed linux-image-6.8.0-45-generic:amd64 6.8.0-45.45
2024-09-27 08:41:00 status config-files linux-image-6.8.0-45-generic:amd64 6.8.0-45.45
2024-09-27 08:41:00 status installed linux-libc-dev:amd64 6.8.0-45.45
2024-09-27 08:41:00 remove linux-libc-dev:amd64 6.8.0-45.45 <none>
2024-09-27 08:41:00 status half-configured linux-libc-dev:amd64 6.8.0-45.45
2024-09-27 08:41:00 status half-installed linux-libc-dev:amd64 6.8.0-45.45
2024-09-27 08:41:00 status config-files linux-libc-dev:amd64 6.8.0-45.45
2024-09-27 08:41:00 status not-installed linux-libc-dev:amd64 <none>
2024-09-27 08:41:00 status installed linux-modules-6.8.0-45-generic:amd64 6.8.0-45.45
2024-09-27 08:41:00 remove linux-modules-6.8.0-45-generic:amd64 6.8.0-45.45 <none>
2024-09-27 08:41:00 status half-configured linux-modules-6.8.0-45-generic:amd64 6.8.0-45.45
2024-09-27 08:41:00 status half-installed linux-modules-6.8.0-45-generic:amd64 6.8.0-45.45
2024-09-27 08:41:00 status config-files linux-modules-6.8.0-45-generic:amd64 6.8.0-45.45
2024-09-27 08:41:00 status installed linux-tools-6.8.0-45-generic:amd64 6.8.0-45.45
2024-09-27 08:41:00 remove linux-tools-6.8.0-45-generic:amd64 6.8.0-45.45 <none>
2024-09-27 08:41:00 status half-configured linux-tools-6.8.0-45-generic:amd64 6.8.0-45.45
2024-09-27 08:41:00 status half-installed linux-tools-6.8.0-45-generic:amd64 6.8.0-45.45
2024-09-27 08:41:00 status config-files linux-tools-6.8.0-45-generic:amd64 6.8.0-45.45
2024-09-27 08:41:00 status not-installed linux-tools-6.8.0-45-generic:amd64 <none>
2024-09-27 08:41:00 status installed linux-tools-6.8.0-45:amd64 6.8.0-45.45
2024-09-27 08:41:00 remove linux-tools-6.8.0-45:amd64 6.8.0-45.45 <none>
2024-09-27 08:41:00 status half-configured linux-tools-6.8.0-45:amd64 6.8.0-45.45
2024-09-27 08:41:00 status half-installed linux-tools-6.8.0-45:amd64 6.8.0-45.45
2024-09-27 08:41:00 status config-files linux-tools-6.8.0-45:amd64 6.8.0-45.45
2024-09-27 08:41:00 status not-installed linux-tools-6.8.0-45:amd64 <none>
2024-09-27 08:41:00 status installed linux-tools-common:all 6.8.0-45.45
2024-09-27 08:41:00 remove linux-tools-common:all 6.8.0-45.45 <none>
2024-09-27 08:41:00 status half-configured linux-tools-common:all 6.8.0-45.45
2024-09-27 08:41:00 status half-installed linux-tools-common:all 6.8.0-45.45
2024-09-27 08:41:00 status triggers-pending man-db:amd64 2.12.0-4build2
2024-09-27 08:41:00 status config-files linux-tools-common:all 6.8.0-45.45
2024-09-27 08:41:00 status not-installed linux-tools-common:all <none>
2024-09-27 08:41:00 startup packages configure
2024-09-27 08:41:00 trigproc man-db:amd64 2.12.0-4build2 <none>
2024-09-27 08:41:00 status half-configured man-db:amd64 2.12.0-4build2
2024-09-27 08:41:01 status installed man-db:amd64 2.12.0-4build2
2024-09-27 08:41:01 startup packages purge
2024-09-27 08:41:01 purge linux-image-6.8.0-45-generic:amd64 6.8.0-45.45 <none>
2024-09-27 08:41:01 status config-files linux-image-6.8.0-45-generic:amd64 6.8.0-45.45
2024-09-27 08:41:01 status not-installed linux-image-6.8.0-45-generic:amd64 <none>
2024-09-27 08:41:01 purge linux-modules-6.8.0-45-generic:amd64 6.8.0-45.45 <none>
2024-09-27 08:41:01 status config-files linux-modules-6.8.0-45-generic:amd64 6.8.0-45.45
2024-09-27 08:41:01 status not-installed linux-modules-6.8.0-45-generic:amd64 <none>
2024-09-27 08:41:01 startup packages configure
2024-09-27 08:41:05 startup archives unpack
2024-09-27 08:41:05 install iucode-tool:amd64 <none> 2.3.1-3build1
2024-09-27 08:41:05 status half-installed iucode-tool:amd64 2.3.1-3build1
2024-09-27 08:41:05 status triggers-pending man-db:amd64 2.12.0-4build2
2024-09-27 08:41:05 status unpacked iucode-tool:amd64 2.3.1-3build1
2024-09-27 08:41:05 install linux-modules-6.8.0-1016-aws:amd64 <none> 6.8.0-1016.17
2024-09-27 08:41:05 status half-installed linux-modules-6.8.0-1016-aws:amd64 6.8.0-1016.17
2024-09-27 08:41:05 status unpacked linux-modules-6.8.0-1016-aws:amd64 6.8.0-1016.17
2024-09-27 08:41:05 install linux-image-6.8.0-1016-aws:amd64 <none> 6.8.0-1016.17
2024-09-27 08:41:05 status half-installed linux-image-6.8.0-1016-aws:amd64 6.8.0-1016.17
2024-09-27 08:41:05 status unpacked linux-image-6.8.0-1016-aws:amd64 6.8.0-1016.17
2024-09-27 08:41:05 install intel-microcode:amd64 <none> 3.20240910.0ubuntu0.24.04.1
2024-09-27 08:41:05 status half-installed intel-microcode:amd64 3.20240910.0ubuntu0.24.04.1
2024-09-27 08:41:06 status unpacked intel-microcode:amd64 3.20240910.0ubuntu0.24.04.1
2024-09-27 08:41:06 install amd64-microcode:amd64 <none> 3.20231019.1ubuntu2
2024-09-27 08:41:06 status half-installed amd64-microcode:amd64 3.20231019.1ubuntu2
2024-09-27 08:41:06 status unpacked amd64-microcode:amd64 3.20231019.1ubuntu2
2024-09-27 08:41:06 install microcode-initrd:amd64 <none> 3build1
2024-09-27 08:41:06 status half-installed microcode-initrd:amd64 3build1
2024-09-27 08:41:06 status unpacked microcode-initrd:amd64 3build1
2024-09-27 08:41:06 install linux-image-aws:amd64 <none> 6.8.0-1016.17
2024-09-27 08:41:06 status half-installed linux-image-aws:amd64 6.8.0-1016.17
2024-09-27 08:41:06 status unpacked linux-image-aws:amd64 6.8.0-1016.17
2024-09-27 08:41:06 install linux-aws-headers-6.8.0-1016:all <none> 6.8.0-1016.17
2024-09-27 08:41:06 status half-installed linux-aws-headers-6.8.0-1016:all 6.8.0-1016.17
2024-09-27 08:41:09 status unpacked linux-aws-headers-6.8.0-1016:all 6.8.0-1016.17
2024-09-27 08:41:09 install linux-headers-6.8.0-1016-aws:amd64 <none> 6.8.0-1016.17
2024-09-27 08:41:09 status half-installed linux-headers-6.8.0-1016-aws:amd64 6.8.0-1016.17
2024-09-27 08:41:10 status unpacked linux-headers-6.8.0-1016-aws:amd64 6.8.0-1016.17
2024-09-27 08:41:10 install linux-headers-aws:amd64 <none> 6.8.0-1016.17
2024-09-27 08:41:10 status half-installed linux-headers-aws:amd64 6.8.0-1016.17
2024-09-27 08:41:10 status unpacked linux-headers-aws:amd64 6.8.0-1016.17
2024-09-27 08:41:10 install linux-aws:amd64 <none> 6.8.0-1016.17
2024-09-27 08:41:10 status half-installed linux-aws:amd64 6.8.0-1016.17
2024-09-27 08:41:10 status unpacked linux-aws:amd64 6.8.0-1016.17
2024-09-27 08:41:10 install linux-tools-common:all <none> 6.8.0-45.45
2024-09-27 08:41:10 status half-installed linux-tools-common:all 6.8.0-45.45
2024-09-27 08:41:10 status unpacked linux-tools-common:all 6.8.0-45.45
2024-09-27 08:41:10 install linux-aws-tools-6.8.0-1016:amd64 <none> 6.8.0-1016.17
2024-09-27 08:41:10 status half-installed linux-aws-tools-6.8.0-1016:amd64 6.8.0-1016.17
2024-09-27 08:41:10 status unpacked linux-aws-tools-6.8.0-1016:amd64 6.8.0-1016.17
2024-09-27 08:41:10 install linux-tools-6.8.0-1016-aws:amd64 <none> 6.8.0-1016.17
2024-09-27 08:41:10 status half-installed linux-tools-6.8.0-1016-aws:amd64 6.8.0-1016.17
2024-09-27 08:41:10 status unpacked linux-tools-6.8.0-1016-aws:amd64 6.8.0-1016.17
2024-09-27 08:41:10 startup packages configure
2024-09-27 08:41:10 configure iucode-tool:amd64 2.3.1-3build1 <none>
2024-09-27 08:41:10 status unpacked iucode-tool:amd64 2.3.1-3build1
2024-09-27 08:41:10 status half-configured iucode-tool:amd64 2.3.1-3build1
2024-09-27 08:41:10 status installed iucode-tool:amd64 2.3.1-3build1
2024-09-27 08:41:10 configure intel-microcode:amd64 3.20240910.0ubuntu0.24.04.1 <none>
2024-09-27 08:41:10 status unpacked intel-microcode:amd64 3.20240910.0ubuntu0.24.04.1
2024-09-27 08:41:10 status half-configured intel-microcode:amd64 3.20240910.0ubuntu0.24.04.1
2024-09-27 08:41:10 status installed intel-microcode:amd64 3.20240910.0ubuntu0.24.04.1
2024-09-27 08:41:10 status triggers-pending initramfs-tools:all 0.142ubuntu25.2
2024-09-27 08:41:10 configure amd64-microcode:amd64 3.20231019.1ubuntu2 <none>
2024-09-27 08:41:10 status unpacked amd64-microcode:amd64 3.20231019.1ubuntu2
2024-09-27 08:41:10 status half-configured amd64-microcode:amd64 3.20231019.1ubuntu2
2024-09-27 08:41:10 status installed amd64-microcode:amd64 3.20231019.1ubuntu2
2024-09-27 08:41:10 configure microcode-initrd:amd64 3build1 <none>
2024-09-27 08:41:10 status unpacked microcode-initrd:amd64 3build1
2024-09-27 08:41:10 status half-configured microcode-initrd:amd64 3build1
2024-09-27 08:41:11 status installed microcode-initrd:amd64 3build1
2024-09-27 08:41:11 configure linux-aws-headers-6.8.0-1016:all 6.8.0-1016.17 <none>
2024-09-27 08:41:11 status unpacked linux-aws-headers-6.8.0-1016:all 6.8.0-1016.17
2024-09-27 08:41:11 status half-configured linux-aws-headers-6.8.0-1016:all 6.8.0-1016.17
2024-09-27 08:41:11 status installed linux-aws-headers-6.8.0-1016:all 6.8.0-1016.17
2024-09-27 08:41:11 configure linux-tools-common:all 6.8.0-45.45 <none>
2024-09-27 08:41:11 status unpacked linux-tools-common:all 6.8.0-45.45
2024-09-27 08:41:11 status half-configured linux-tools-common:all 6.8.0-45.45
2024-09-27 08:41:11 status installed linux-tools-common:all 6.8.0-45.45
2024-09-27 08:41:11 configure linux-headers-6.8.0-1016-aws:amd64 6.8.0-1016.17 <none>
2024-09-27 08:41:11 status unpacked linux-headers-6.8.0-1016-aws:amd64 6.8.0-1016.17
2024-09-27 08:41:11 status half-configured linux-headers-6.8.0-1016-aws:amd64 6.8.0-1016.17
2024-09-27 08:41:11 status installed linux-headers-6.8.0-1016-aws:amd64 6.8.0-1016.17
2024-09-27 08:41:11 configure linux-aws-tools-6.8.0-1016:amd64 6.8.0-1016.17 <none>
2024-09-27 08:41:11 status unpacked linux-aws-tools-6.8.0-1016:amd64 6.8.0-1016.17
2024-09-27 08:41:11 status half-configured linux-aws-tools-6.8.0-1016:amd64 6.8.0-1016.17
2024-09-27 08:41:11 status installed linux-aws-tools-6.8.0-1016:amd64 6.8.0-1016.17
2024-09-27 08:41:11 configure linux-headers-aws:amd64 6.8.0-1016.17 <none>
2024-09-27 08:41:11 status unpacked linux-headers-aws:amd64 6.8.0-1016.17
2024-09-27 08:41:11 status half-configured linux-headers-aws:amd64 6.8.0-1016.17
2024-09-27 08:41:11 status installed linux-headers-aws:amd64 6.8.0-1016.17
2024-09-27 08:41:11 configure linux-tools-6.8.0-1016-aws:amd64 6.8.0-1016.17 <none>
2024-09-27 08:41:11 status unpacked linux-tools-6.8.0-1016-aws:amd64 6.8.0-1016.17
2024-09-27 08:41:11 status half-configured linux-tools-6.8.0-1016-aws:amd64 6.8.0-1016.17
2024-09-27 08:41:11 status installed linux-tools-6.8.0-1016-aws:amd64 6.8.0-1016.17
2024-09-27 08:41:11 configure linux-image-6.8.0-1016-aws:amd64 6.8.0-1016.17 <none>
2024-09-27 08:41:11 status unpacked linux-image-6.8.0-1016-aws:amd64 6.8.0-1016.17
2024-09-27 08:41:11 status half-configured linux-image-6.8.0-1016-aws:amd64 6.8.0-1016.17
2024-09-27 08:41:11 status installed linux-image-6.8.0-1016-aws:amd64 6.8.0-1016.17
2024-09-27 08:41:11 status triggers-pending linux-image-6.8.0-1016-aws:amd64 6.8.0-1016.17
2024-09-27 08:41:11 configure linux-image-aws:amd64 6.8.0-1016.17 <none>
2024-09-27 08:41:11 status unpacked linux-image-aws:amd64 6.8.0-1016.17
2024-09-27 08:41:11 status half-configured linux-image-aws:amd64 6.8.0-1016.17
2024-09-27 08:41:11 status installed linux-image-aws:amd64 6.8.0-1016.17
2024-09-27 08:41:11 configure linux-aws:amd64 6.8.0-1016.17 <none>
2024-09-27 08:41:11 status unpacked linux-aws:amd64 6.8.0-1016.17
2024-09-27 08:41:11 status half-configured linux-aws:amd64 6.8.0-1016.17
2024-09-27 08:41:11 status installed linux-aws:amd64 6.8.0-1016.17
2024-09-27 08:41:11 configure linux-modules-6.8.0-1016-aws:amd64 6.8.0-1016.17 <none>
2024-09-27 08:41:11 status unpacked linux-modules-6.8.0-1016-aws:amd64 6.8.0-1016.17
2024-09-27 08:41:11 status half-configured linux-modules-6.8.0-1016-aws:amd64 6.8.0-1016.17
2024-09-27 08:41:12 status installed linux-modules-6.8.0-1016-aws:amd64 6.8.0-1016.17
2024-09-27 08:41:12 trigproc man-db:amd64 2.12.0-4build2 <none>
2024-09-27 08:41:12 status half-configured man-db:amd64 2.12.0-4build2
2024-09-27 08:41:12 status installed man-db:amd64 2.12.0-4build2
2024-09-27 08:41:12 trigproc initramfs-tools:all 0.142ubuntu25.2 <none>
2024-09-27 08:41:12 status half-configured initramfs-tools:all 0.142ubuntu25.2
2024-09-27 08:41:12 status installed initramfs-tools:all 0.142ubuntu25.2
2024-09-27 08:41:12 trigproc linux-image-6.8.0-1016-aws:amd64 6.8.0-1016.17 <none>
2024-09-27 08:41:12 status half-configured linux-image-6.8.0-1016-aws:amd64 6.8.0-1016.17
2024-09-27 08:41:15 status installed linux-image-6.8.0-1016-aws:amd64 6.8.0-1016.17
2024-09-27 08:41:18 startup packages remove
2024-09-27 08:41:18 status installed libc-devtools:amd64 2.39-0ubuntu8.3
2024-09-27 08:41:18 remove libc-devtools:amd64 2.39-0ubuntu8.3 <none>
2024-09-27 08:41:18 status half-configured libc-devtools:amd64 2.39-0ubuntu8.3
2024-09-27 08:41:18 status half-installed libc-devtools:amd64 2.39-0ubuntu8.3
2024-09-27 08:41:18 status triggers-pending man-db:amd64 2.12.0-4build2
2024-09-27 08:41:18 status config-files libc-devtools:amd64 2.39-0ubuntu8.3
2024-09-27 08:41:18 status not-installed libc-devtools:amd64 <none>
2024-09-27 08:41:18 status installed libgd3:amd64 2.3.3-9ubuntu5
2024-09-27 08:41:18 remove libgd3:amd64 2.3.3-9ubuntu5 <none>
2024-09-27 08:41:18 status triggers-pending libc-bin:amd64 2.39-0ubuntu8.3
2024-09-27 08:41:18 status half-configured libgd3:amd64 2.3.3-9ubuntu5
2024-09-27 08:41:18 status half-installed libgd3:amd64 2.3.3-9ubuntu5
2024-09-27 08:41:18 status config-files libgd3:amd64 2.3.3-9ubuntu5
2024-09-27 08:41:18 status not-installed libgd3:amd64 <none>
2024-09-27 08:41:18 status installed libfontconfig1:amd64 2.15.0-1.1ubuntu2
2024-09-27 08:41:18 remove libfontconfig1:amd64 2.15.0-1.1ubuntu2 <none>
2024-09-27 08:41:18 status half-configured libfontconfig1:amd64 2.15.0-1.1ubuntu2
2024-09-27 08:41:18 status half-installed libfontconfig1:amd64 2.15.0-1.1ubuntu2
2024-09-27 08:41:18 status config-files libfontconfig1:amd64 2.15.0-1.1ubuntu2
2024-09-27 08:41:18 status not-installed libfontconfig1:amd64 <none>
2024-09-27 08:41:18 status installed fontconfig-config:amd64 2.15.0-1.1ubuntu2
2024-09-27 08:41:18 remove fontconfig-config:amd64 2.15.0-1.1ubuntu2 <none>
2024-09-27 08:41:18 status half-configured fontconfig-config:amd64 2.15.0-1.1ubuntu2
2024-09-27 08:41:18 status half-installed fontconfig-config:amd64 2.15.0-1.1ubuntu2
2024-09-27 08:41:18 status triggers-pending sgml-base:all 1.31
2024-09-27 08:41:18 status config-files fontconfig-config:amd64 2.15.0-1.1ubuntu2
2024-09-27 08:41:18 status installed fonts-dejavu-core:all 2.37-8
2024-09-27 08:41:18 remove fonts-dejavu-core:all 2.37-8 <none>
2024-09-27 08:41:18 status half-configured fonts-dejavu-core:all 2.37-8
2024-09-27 08:41:18 status half-installed fonts-dejavu-core:all 2.37-8
2024-09-27 08:41:18 status config-files fonts-dejavu-core:all 2.37-8
2024-09-27 08:41:18 status installed fonts-dejavu-mono:all 2.37-8
2024-09-27 08:41:18 remove fonts-dejavu-mono:all 2.37-8 <none>
2024-09-27 08:41:18 status half-configured fonts-dejavu-mono:all 2.37-8
2024-09-27 08:41:18 status half-installed fonts-dejavu-mono:all 2.37-8
2024-09-27 08:41:18 status config-files fonts-dejavu-mono:all 2.37-8
2024-09-27 08:41:18 status installed libheif-plugin-aomenc:amd64 1.17.6-1ubuntu4
2024-09-27 08:41:18 remove libheif-plugin-aomenc:amd64 1.17.6-1ubuntu4 <none>
2024-09-27 08:41:18 status half-configured libheif-plugin-aomenc:amd64 1.17.6-1ubuntu4
2024-09-27 08:41:18 status half-installed libheif-plugin-aomenc:amd64 1.17.6-1ubuntu4
2024-09-27 08:41:18 status config-files libheif-plugin-aomenc:amd64 1.17.6-1ubuntu4
2024-09-27 08:41:18 status not-installed libheif-plugin-aomenc:amd64 <none>
2024-09-27 08:41:18 status installed libheif-plugin-libde265:amd64 1.17.6-1ubuntu4
2024-09-27 08:41:18 status installed libheif1:amd64 1.17.6-1ubuntu4
2024-09-27 08:41:18 status installed libheif-plugin-aomdec:amd64 1.17.6-1ubuntu4
2024-09-27 08:41:18 status installed libaom3:amd64 3.8.2-2ubuntu0.1
2024-09-27 08:41:18 status installed libc-dev-bin:amd64 2.39-0ubuntu8.3
2024-09-27 08:41:18 remove libc-dev-bin:amd64 2.39-0ubuntu8.3 <none>
2024-09-27 08:41:18 status half-configured libc-dev-bin:amd64 2.39-0ubuntu8.3
2024-09-27 08:41:18 status half-installed libc-dev-bin:amd64 2.39-0ubuntu8.3
2024-09-27 08:41:18 status config-files libc-dev-bin:amd64 2.39-0ubuntu8.3
2024-09-27 08:41:18 status not-installed libc-dev-bin:amd64 <none>
2024-09-27 08:41:18 status installed libcrypt-dev:amd64 1:4.4.36-4build1
2024-09-27 08:41:18 remove libcrypt-dev:amd64 1:4.4.36-4build1 <none>
2024-09-27 08:41:18 status half-configured libcrypt-dev:amd64 1:4.4.36-4build1
2024-09-27 08:41:18 status half-installed libcrypt-dev:amd64 1:4.4.36-4build1
2024-09-27 08:41:18 status config-files libcrypt-dev:amd64 1:4.4.36-4build1
2024-09-27 08:41:18 status installed libde265-0:amd64 1.0.15-1build3
2024-09-27 08:41:18 status installed libtiff6:amd64 4.5.1+git230720-4ubuntu2.2
2024-09-27 08:41:18 remove libtiff6:amd64 4.5.1+git230720-4ubuntu2.2 <none>
2024-09-27 08:41:18 status half-configured libtiff6:amd64 4.5.1+git230720-4ubuntu2.2
2024-09-27 08:41:18 status half-installed libtiff6:amd64 4.5.1+git230720-4ubuntu2.2
2024-09-27 08:41:18 status config-files libtiff6:amd64 4.5.1+git230720-4ubuntu2.2
2024-09-27 08:41:18 status not-installed libtiff6:amd64 <none>
2024-09-27 08:41:18 status installed libdeflate0:amd64 1.19-1build1.1
2024-09-27 08:41:18 remove libdeflate0:amd64 1.19-1build1.1 <none>
2024-09-27 08:41:18 status half-configured libdeflate0:amd64 1.19-1build1.1
2024-09-27 08:41:18 status half-installed libdeflate0:amd64 1.19-1build1.1
2024-09-27 08:41:18 status config-files libdeflate0:amd64 1.19-1build1.1
2024-09-27 08:41:18 status not-installed libdeflate0:amd64 <none>
2024-09-27 08:41:18 status installed libjbig0:amd64 2.1-6.1ubuntu2
2024-09-27 08:41:18 remove libjbig0:amd64 2.1-6.1ubuntu2 <none>
2024-09-27 08:41:18 status half-configured libjbig0:amd64 2.1-6.1ubuntu2
2024-09-27 08:41:18 status half-installed libjbig0:amd64 2.1-6.1ubuntu2
2024-09-27 08:41:18 status config-files libjbig0:amd64 2.1-6.1ubuntu2
2024-09-27 08:41:18 status not-installed libjbig0:amd64 <none>
2024-09-27 08:41:18 status installed libjpeg8:amd64 8c-2ubuntu11
2024-09-27 08:41:18 remove libjpeg8:amd64 8c-2ubuntu11 <none>
2024-09-27 08:41:18 status half-configured libjpeg8:amd64 8c-2ubuntu11
2024-09-27 08:41:18 status half-installed libjpeg8:amd64 8c-2ubuntu11
2024-09-27 08:41:18 status config-files libjpeg8:amd64 8c-2ubuntu11
2024-09-27 08:41:18 status not-installed libjpeg8:amd64 <none>
2024-09-27 08:41:18 status installed libjpeg-turbo8:amd64 2.1.5-2ubuntu2
2024-09-27 08:41:18 remove libjpeg-turbo8:amd64 2.1.5-2ubuntu2 <none>
2024-09-27 08:41:18 status half-configured libjpeg-turbo8:amd64 2.1.5-2ubuntu2
2024-09-27 08:41:18 status half-installed libjpeg-turbo8:amd64 2.1.5-2ubuntu2
2024-09-27 08:41:18 status config-files libjpeg-turbo8:amd64 2.1.5-2ubuntu2
2024-09-27 08:41:18 status not-installed libjpeg-turbo8:amd64 <none>
2024-09-27 08:41:18 status installed liblerc4:amd64 4.0.0+ds-4ubuntu2
2024-09-27 08:41:18 remove liblerc4:amd64 4.0.0+ds-4ubuntu2 <none>
2024-09-27 08:41:18 status half-configured liblerc4:amd64 4.0.0+ds-4ubuntu2
2024-09-27 08:41:18 status half-installed liblerc4:amd64 4.0.0+ds-4ubuntu2
2024-09-27 08:41:18 status config-files liblerc4:amd64 4.0.0+ds-4ubuntu2
2024-09-27 08:41:18 status not-installed liblerc4:amd64 <none>
2024-09-27 08:41:18 status installed libwebp7:amd64 1.3.2-0.4build3
2024-09-27 08:41:18 remove libwebp7:amd64 1.3.2-0.4build3 <none>
2024-09-27 08:41:18 status half-configured libwebp7:amd64 1.3.2-0.4build3
2024-09-27 08:41:18 status half-installed libwebp7:amd64 1.3.2-0.4build3
2024-09-27 08:41:18 status config-files libwebp7:amd64 1.3.2-0.4build3
2024-09-27 08:41:18 status not-installed libwebp7:amd64 <none>
2024-09-27 08:41:18 status installed libsharpyuv0:amd64 1.3.2-0.4build3
2024-09-27 08:41:18 status installed libxpm4:amd64 1:3.5.17-1build2
2024-09-27 08:41:18 remove libxpm4:amd64 1:3.5.17-1build2 <none>
2024-09-27 08:41:18 status half-configured libxpm4:amd64 1:3.5.17-1build2
2024-09-27 08:41:18 status half-installed libxpm4:amd64 1:3.5.17-1build2
2024-09-27 08:41:18 status config-files libxpm4:amd64 1:3.5.17-1build2
2024-09-27 08:41:18 status not-installed libxpm4:amd64 <none>
2024-09-27 08:41:18 status installed manpages-dev:all 6.7-2
2024-09-27 08:41:18 remove manpages-dev:all 6.7-2 <none>
2024-09-27 08:41:18 status half-configured manpages-dev:all 6.7-2
2024-09-27 08:41:18 status half-installed manpages-dev:all 6.7-2
2024-09-27 08:41:19 status config-files manpages-dev:all 6.7-2
2024-09-27 08:41:19 status not-installed manpages-dev:all <none>
2024-09-27 08:41:19 status installed rpcsvc-proto:amd64 1.4.2-0ubuntu7
2024-09-27 08:41:19 remove rpcsvc-proto:amd64 1.4.2-0ubuntu7 <none>
2024-09-27 08:41:19 status half-configured rpcsvc-proto:amd64 1.4.2-0ubuntu7
2024-09-27 08:41:19 status half-installed rpcsvc-proto:amd64 1.4.2-0ubuntu7
2024-09-27 08:41:19 status config-files rpcsvc-proto:amd64 1.4.2-0ubuntu7
2024-09-27 08:41:19 status not-installed rpcsvc-proto:amd64 <none>
2024-09-27 08:41:19 remove libheif1:amd64 1.17.6-1ubuntu4 <none>
2024-09-27 08:41:19 status half-configured libheif1:amd64 1.17.6-1ubuntu4
2024-09-27 08:41:19 status half-installed libheif1:amd64 1.17.6-1ubuntu4
2024-09-27 08:41:19 status config-files libheif1:amd64 1.17.6-1ubuntu4
2024-09-27 08:41:19 status not-installed libheif1:amd64 <none>
2024-09-27 08:41:19 remove libheif-plugin-aomdec:amd64 1.17.6-1ubuntu4 <none>
2024-09-27 08:41:19 status half-configured libheif-plugin-aomdec:amd64 1.17.6-1ubuntu4
2024-09-27 08:41:19 status half-installed libheif-plugin-aomdec:amd64 1.17.6-1ubuntu4
2024-09-27 08:41:19 status config-files libheif-plugin-aomdec:amd64 1.17.6-1ubuntu4
2024-09-27 08:41:19 status not-installed libheif-plugin-aomdec:amd64 <none>
2024-09-27 08:41:19 remove libaom3:amd64 3.8.2-2ubuntu0.1 <none>
2024-09-27 08:41:19 status half-configured libaom3:amd64 3.8.2-2ubuntu0.1
2024-09-27 08:41:19 status half-installed libaom3:amd64 3.8.2-2ubuntu0.1
2024-09-27 08:41:19 status config-files libaom3:amd64 3.8.2-2ubuntu0.1
2024-09-27 08:41:19 status not-installed libaom3:amd64 <none>
2024-09-27 08:41:19 remove libsharpyuv0:amd64 1.3.2-0.4build3 <none>
2024-09-27 08:41:19 status half-configured libsharpyuv0:amd64 1.3.2-0.4build3
2024-09-27 08:41:19 status half-installed libsharpyuv0:amd64 1.3.2-0.4build3
2024-09-27 08:41:19 status config-files libsharpyuv0:amd64 1.3.2-0.4build3
2024-09-27 08:41:19 status not-installed libsharpyuv0:amd64 <none>
2024-09-27 08:41:19 remove libheif-plugin-libde265:amd64 1.17.6-1ubuntu4 <none>
2024-09-27 08:41:19 status half-configured libheif-plugin-libde265:amd64 1.17.6-1ubuntu4
2024-09-27 08:41:19 status half-installed libheif-plugin-libde265:amd64 1.17.6-1ubuntu4
2024-09-27 08:41:19 status config-files libheif-plugin-libde265:amd64 1.17.6-1ubuntu4
2024-09-27 08:41:19 status not-installed libheif-plugin-libde265:amd64 <none>
2024-09-27 08:41:19 remove libde265-0:amd64 1.0.15-1build3 <none>
2024-09-27 08:41:19 status half-configured libde265-0:amd64 1.0.15-1build3
2024-09-27 08:41:19 status half-installed libde265-0:amd64 1.0.15-1build3
2024-09-27 08:41:19 status config-files libde265-0:amd64 1.0.15-1build3
2024-09-27 08:41:19 status not-installed libde265-0:amd64 <none>
2024-09-27 08:41:19 startup packages configure
2024-09-27 08:41:19 trigproc man-db:amd64 2.12.0-4build2 <none>
2024-09-27 08:41:19 status half-configured man-db:amd64 2.12.0-4build2
2024-09-27 08:41:19 status installed man-db:amd64 2.12.0-4build2
2024-09-27 08:41:19 trigproc sgml-base:all 1.31 <none>
2024-09-27 08:41:19 status half-configured sgml-base:all 1.31
2024-09-27 08:41:20 status installed sgml-base:all 1.31
2024-09-27 08:41:20 trigproc libc-bin:amd64 2.39-0ubuntu8.3 <none>
2024-09-27 08:41:20 status half-configured libc-bin:amd64 2.39-0ubuntu8.3
2024-09-27 08:41:20 status installed libc-bin:amd64 2.39-0ubuntu8.3
2024-09-27 08:41:20 startup packages purge
2024-09-27 08:41:20 purge fontconfig-config:amd64 2.15.0-1.1ubuntu2 <none>
2024-09-27 08:41:20 status config-files fontconfig-config:amd64 2.15.0-1.1ubuntu2
2024-09-27 08:41:20 status not-installed fontconfig-config:amd64 <none>
2024-09-27 08:41:20 purge fonts-dejavu-mono:all 2.37-8 <none>
2024-09-27 08:41:20 status config-files fonts-dejavu-mono:all 2.37-8
2024-09-27 08:41:20 status not-installed fonts-dejavu-mono:all <none>
2024-09-27 08:41:20 purge fonts-dejavu-core:all 2.37-8 <none>
2024-09-27 08:41:20 status config-files fonts-dejavu-core:all 2.37-8
2024-09-27 08:41:20 status not-installed fonts-dejavu-core:all <none>
2024-09-27 08:41:20 purge libcrypt-dev:amd64 1:4.4.36-4build1 <none>
2024-09-27 08:41:20 status config-files libcrypt-dev:amd64 1:4.4.36-4build1
2024-09-27 08:41:20 status not-installed libcrypt-dev:amd64 <none>
2024-09-27 08:41:20 startup packages configure
2024-09-27 08:41:22 startup archives unpack
2024-09-27 08:41:22 install ec2-instance-connect:all <none> 1.1.17-0ubuntu1
2024-09-27 08:41:22 status half-installed ec2-instance-connect:all 1.1.17-0ubuntu1
2024-09-27 08:41:22 status unpacked ec2-instance-connect:all 1.1.17-0ubuntu1
2024-09-27 08:41:22 startup packages configure
2024-09-27 08:41:22 configure ec2-instance-connect:all 1.1.17-0ubuntu1 <none>
2024-09-27 08:41:22 status unpacked ec2-instance-connect:all 1.1.17-0ubuntu1
2024-09-27 08:41:22 status half-configured ec2-instance-connect:all 1.1.17-0ubuntu1
2024-09-27 08:41:23 status installed ec2-instance-connect:all 1.1.17-0ubuntu1
2024-09-27 08:41:25 startup archives unpack
2024-09-27 08:41:25 install acpid:amd64 <none> 1:2.0.34-1ubuntu2
2024-09-27 08:41:25 status half-installed acpid:amd64 1:2.0.34-1ubuntu2
2024-09-27 08:41:25 status triggers-pending man-db:amd64 2.12.0-4build2
2024-09-27 08:41:25 status unpacked acpid:amd64 1:2.0.34-1ubuntu2
2024-09-27 08:41:25 install ec2-hibinit-agent:all <none> 1.0.0-0ubuntu16.24.04.1
2024-09-27 08:41:25 status half-installed ec2-hibinit-agent:all 1.0.0-0ubuntu16.24.04.1
2024-09-27 08:41:25 status unpacked ec2-hibinit-agent:all 1.0.0-0ubuntu16.24.04.1
2024-09-27 08:41:25 install hibagent:all <none> 1.0.1+git20230216.9ac1209f7-0ubuntu3
2024-09-27 08:41:25 status half-installed hibagent:all 1.0.1+git20230216.9ac1209f7-0ubuntu3
2024-09-27 08:41:25 status unpacked hibagent:all 1.0.1+git20230216.9ac1209f7-0ubuntu3
2024-09-27 08:41:25 startup packages configure
2024-09-27 08:41:25 configure acpid:amd64 1:2.0.34-1ubuntu2 <none>
2024-09-27 08:41:25 status unpacked acpid:amd64 1:2.0.34-1ubuntu2
2024-09-27 08:41:25 status half-configured acpid:amd64 1:2.0.34-1ubuntu2
2024-09-27 08:41:25 status installed acpid:amd64 1:2.0.34-1ubuntu2
2024-09-27 08:41:25 configure hibagent:all 1.0.1+git20230216.9ac1209f7-0ubuntu3 <none>
2024-09-27 08:41:25 status unpacked hibagent:all 1.0.1+git20230216.9ac1209f7-0ubuntu3
2024-09-27 08:41:25 status half-configured hibagent:all 1.0.1+git20230216.9ac1209f7-0ubuntu3
2024-09-27 08:41:25 status installed hibagent:all 1.0.1+git20230216.9ac1209f7-0ubuntu3
2024-09-27 08:41:25 configure ec2-hibinit-agent:all 1.0.0-0ubuntu16.24.04.1 <none>
2024-09-27 08:41:25 status unpacked ec2-hibinit-agent:all 1.0.0-0ubuntu16.24.04.1
2024-09-27 08:41:25 status half-configured ec2-hibinit-agent:all 1.0.0-0ubuntu16.24.04.1
2024-09-27 08:41:25 status installed ec2-hibinit-agent:all 1.0.0-0ubuntu16.24.04.1
2024-09-27 08:41:25 trigproc man-db:amd64 2.12.0-4build2 <none>
2024-09-27 08:41:25 status half-configured man-db:amd64 2.12.0-4build2
2024-09-27 08:41:26 status installed man-db:amd64 2.12.0-4build2
2024-09-27 08:41:28 startup packages remove
2024-09-27 08:41:28 status installed systemd-timesyncd:amd64 255.4-1ubuntu8.4
2024-09-27 08:41:28 remove systemd-timesyncd:amd64 255.4-1ubuntu8.4 <none>
2024-09-27 08:41:28 status half-configured systemd-timesyncd:amd64 255.4-1ubuntu8.4
2024-09-27 08:41:28 status half-installed systemd-timesyncd:amd64 255.4-1ubuntu8.4
2024-09-27 08:41:28 status triggers-pending man-db:amd64 2.12.0-4build2
2024-09-27 08:41:28 status triggers-pending dbus:amd64 1.14.10-4ubuntu4.1
2024-09-27 08:41:28 status config-files systemd-timesyncd:amd64 255.4-1ubuntu8.4
2024-09-27 08:41:28 startup archives unpack
2024-09-27 08:41:28 install tzdata-legacy:all <none> 2024a-3ubuntu1.1
2024-09-27 08:41:28 status half-installed tzdata-legacy:all 2024a-3ubuntu1.1
2024-09-27 08:41:28 status unpacked tzdata-legacy:all 2024a-3ubuntu1.1
2024-09-27 08:41:28 install chrony:amd64 <none> 4.5-1ubuntu4.1
2024-09-27 08:41:28 status half-installed chrony:amd64 4.5-1ubuntu4.1
2024-09-27 08:41:28 status unpacked chrony:amd64 4.5-1ubuntu4.1
2024-09-27 08:41:28 startup packages configure
2024-09-27 08:41:28 configure tzdata-legacy:all 2024a-3ubuntu1.1 <none>
2024-09-27 08:41:28 status unpacked tzdata-legacy:all 2024a-3ubuntu1.1
2024-09-27 08:41:28 status half-configured tzdata-legacy:all 2024a-3ubuntu1.1
2024-09-27 08:41:28 status installed tzdata-legacy:all 2024a-3ubuntu1.1
2024-09-27 08:41:28 configure chrony:amd64 4.5-1ubuntu4.1 <none>
2024-09-27 08:41:28 status unpacked chrony:amd64 4.5-1ubuntu4.1
2024-09-27 08:41:28 status half-configured chrony:amd64 4.5-1ubuntu4.1
2024-09-27 08:41:29 status installed chrony:amd64 4.5-1ubuntu4.1
2024-09-27 08:41:29 trigproc dbus:amd64 1.14.10-4ubuntu4.1 <none>
2024-09-27 08:41:29 status half-configured dbus:amd64 1.14.10-4ubuntu4.1
2024-09-27 08:41:29 status installed dbus:amd64 1.14.10-4ubuntu4.1
2024-09-27 08:41:29 trigproc man-db:amd64 2.12.0-4build2 <none>
2024-09-27 08:41:29 status half-configured man-db:amd64 2.12.0-4build2
2024-09-27 08:41:30 status installed man-db:amd64 2.12.0-4build2
2024-09-27 08:41:33 startup packages configure
2024-09-27 08:41:33 startup packages purge
2024-09-27 08:41:33 purge systemd-timesyncd:amd64 255.4-1ubuntu8.4 <none>
2024-09-27 08:41:33 status config-files systemd-timesyncd:amd64 255.4-1ubuntu8.4
2024-09-27 08:41:33 status not-installed systemd-timesyncd:amd64 <none>
2024-09-27 08:41:33 startup packages configure
2024-09-27 08:41:51 startup archives unpack
2024-09-27 08:41:51 install irqbalance:amd64 <none> 1.9.3-2ubuntu5
2024-09-27 08:41:51 status half-installed irqbalance:amd64 1.9.3-2ubuntu5
2024-09-27 08:41:51 status triggers-pending man-db:amd64 2.12.0-4build2
2024-09-27 08:41:51 status unpacked irqbalance:amd64 1.9.3-2ubuntu5
2024-09-27 08:41:51 startup packages configure
2024-09-27 08:41:51 configure irqbalance:amd64 1.9.3-2ubuntu5 <none>
2024-09-27 08:41:51 status unpacked irqbalance:amd64 1.9.3-2ubuntu5
2024-09-27 08:41:51 status half-configured irqbalance:amd64 1.9.3-2ubuntu5
2024-09-27 08:41:51 status installed irqbalance:amd64 1.9.3-2ubuntu5
2024-09-27 08:41:51 trigproc man-db:amd64 2.12.0-4build2 <none>
2024-09-27 08:41:51 status half-configured man-db:amd64 2.12.0-4build2
2024-09-27 08:41:51 status installed man-db:amd64 2.12.0-4build2
2024-11-07 02:45:50 startup archives unpack
2024-11-07 02:45:50 install pigz:amd64 <none> 2.8-1
2024-11-07 02:45:50 status half-installed pigz:amd64 2.8-1
2024-11-07 02:45:50 status triggers-pending man-db:amd64 2.12.0-4build2
2024-11-07 02:45:51 status unpacked pigz:amd64 2.8-1
2024-11-07 02:45:51 install containerd.io:amd64 <none> 1.7.22-1
2024-11-07 02:45:51 status half-installed containerd.io:amd64 1.7.22-1
2024-11-07 02:45:53 status unpacked containerd.io:amd64 1.7.22-1
2024-11-07 02:45:53 install docker-buildx-plugin:amd64 <none> 0.17.1-1~ubuntu.24.04~noble
2024-11-07 02:45:53 status half-installed docker-buildx-plugin:amd64 0.17.1-1~ubuntu.24.04~noble
2024-11-07 02:45:55 status unpacked docker-buildx-plugin:amd64 0.17.1-1~ubuntu.24.04~noble
2024-11-07 02:45:56 install docker-ce-cli:amd64 <none> 5:27.3.1-1~ubuntu.24.04~noble
2024-11-07 02:45:56 status half-installed docker-ce-cli:amd64 5:27.3.1-1~ubuntu.24.04~noble
2024-11-07 02:45:57 status unpacked docker-ce-cli:amd64 5:27.3.1-1~ubuntu.24.04~noble
2024-11-07 02:45:57 install docker-ce:amd64 <none> 5:27.3.1-1~ubuntu.24.04~noble
2024-11-07 02:45:57 status half-installed docker-ce:amd64 5:27.3.1-1~ubuntu.24.04~noble
2024-11-07 02:45:59 status unpacked docker-ce:amd64 5:27.3.1-1~ubuntu.24.04~noble
2024-11-07 02:45:59 install docker-ce-rootless-extras:amd64 <none> 5:27.3.1-1~ubuntu.24.04~noble
2024-11-07 02:45:59 status half-installed docker-ce-rootless-extras:amd64 5:27.3.1-1~ubuntu.24.04~noble
2024-11-07 02:46:00 status unpacked docker-ce-rootless-extras:amd64 5:27.3.1-1~ubuntu.24.04~noble
2024-11-07 02:46:00 install docker-compose-plugin:amd64 <none> 2.29.7-1~ubuntu.24.04~noble
2024-11-07 02:46:00 status half-installed docker-compose-plugin:amd64 2.29.7-1~ubuntu.24.04~noble
2024-11-07 02:46:01 status unpacked docker-compose-plugin:amd64 2.29.7-1~ubuntu.24.04~noble
2024-11-07 02:46:01 install libltdl7:amd64 <none> 2.4.7-7build1
2024-11-07 02:46:01 status triggers-pending libc-bin:amd64 2.39-0ubuntu8.3
2024-11-07 02:46:01 status half-installed libltdl7:amd64 2.4.7-7build1
2024-11-07 02:46:01 status unpacked libltdl7:amd64 2.4.7-7build1
2024-11-07 02:46:01 install libslirp0:amd64 <none> 4.7.0-1ubuntu3
2024-11-07 02:46:01 status half-installed libslirp0:amd64 4.7.0-1ubuntu3
2024-11-07 02:46:02 status unpacked libslirp0:amd64 4.7.0-1ubuntu3
2024-11-07 02:46:02 install slirp4netns:amd64 <none> 1.2.1-1build2
2024-11-07 02:46:02 status half-installed slirp4netns:amd64 1.2.1-1build2
2024-11-07 02:46:02 status unpacked slirp4netns:amd64 1.2.1-1build2
2024-11-07 02:46:02 startup packages configure
2024-11-07 02:46:02 configure docker-buildx-plugin:amd64 0.17.1-1~ubuntu.24.04~noble <none>
2024-11-07 02:46:02 status unpacked docker-buildx-plugin:amd64 0.17.1-1~ubuntu.24.04~noble
2024-11-07 02:46:02 status half-configured docker-buildx-plugin:amd64 0.17.1-1~ubuntu.24.04~noble
2024-11-07 02:46:02 status installed docker-buildx-plugin:amd64 0.17.1-1~ubuntu.24.04~noble
2024-11-07 02:46:02 configure containerd.io:amd64 1.7.22-1 <none>
2024-11-07 02:46:02 status unpacked containerd.io:amd64 1.7.22-1
2024-11-07 02:46:02 status half-configured containerd.io:amd64 1.7.22-1
2024-11-07 02:46:02 status installed containerd.io:amd64 1.7.22-1
2024-11-07 02:46:02 configure docker-compose-plugin:amd64 2.29.7-1~ubuntu.24.04~noble <none>
2024-11-07 02:46:02 status unpacked docker-compose-plugin:amd64 2.29.7-1~ubuntu.24.04~noble
2024-11-07 02:46:03 status half-configured docker-compose-plugin:amd64 2.29.7-1~ubuntu.24.04~noble
2024-11-07 02:46:03 status installed docker-compose-plugin:amd64 2.29.7-1~ubuntu.24.04~noble
2024-11-07 02:46:03 configure libltdl7:amd64 2.4.7-7build1 <none>
2024-11-07 02:46:03 status unpacked libltdl7:amd64 2.4.7-7build1
2024-11-07 02:46:03 status half-configured libltdl7:amd64 2.4.7-7build1
2024-11-07 02:46:03 status installed libltdl7:amd64 2.4.7-7build1
2024-11-07 02:46:03 configure docker-ce-cli:amd64 5:27.3.1-1~ubuntu.24.04~noble <none>
2024-11-07 02:46:03 status unpacked docker-ce-cli:amd64 5:27.3.1-1~ubuntu.24.04~noble
2024-11-07 02:46:03 status half-configured docker-ce-cli:amd64 5:27.3.1-1~ubuntu.24.04~noble
2024-11-07 02:46:03 status installed docker-ce-cli:amd64 5:27.3.1-1~ubuntu.24.04~noble
2024-11-07 02:46:03 configure libslirp0:amd64 4.7.0-1ubuntu3 <none>
2024-11-07 02:46:03 status unpacked libslirp0:amd64 4.7.0-1ubuntu3
2024-11-07 02:46:03 status half-configured libslirp0:amd64 4.7.0-1ubuntu3
2024-11-07 02:46:03 status installed libslirp0:amd64 4.7.0-1ubuntu3
2024-11-07 02:46:03 configure pigz:amd64 2.8-1 <none>
2024-11-07 02:46:03 status unpacked pigz:amd64 2.8-1
2024-11-07 02:46:03 status half-configured pigz:amd64 2.8-1
2024-11-07 02:46:03 status installed pigz:amd64 2.8-1
2024-11-07 02:46:03 configure docker-ce-rootless-extras:amd64 5:27.3.1-1~ubuntu.24.04~noble <none>
2024-11-07 02:46:03 status unpacked docker-ce-rootless-extras:amd64 5:27.3.1-1~ubuntu.24.04~noble
2024-11-07 02:46:03 status half-configured docker-ce-rootless-extras:amd64 5:27.3.1-1~ubuntu.24.04~noble
2024-11-07 02:46:03 status installed docker-ce-rootless-extras:amd64 5:27.3.1-1~ubuntu.24.04~noble
2024-11-07 02:46:03 configure slirp4netns:amd64 1.2.1-1build2 <none>
2024-11-07 02:46:03 status unpacked slirp4netns:amd64 1.2.1-1build2
2024-11-07 02:46:03 status half-configured slirp4netns:amd64 1.2.1-1build2
2024-11-07 02:46:03 status installed slirp4netns:amd64 1.2.1-1build2
2024-11-07 02:46:03 configure docker-ce:amd64 5:27.3.1-1~ubuntu.24.04~noble <none>
2024-11-07 02:46:03 status unpacked docker-ce:amd64 5:27.3.1-1~ubuntu.24.04~noble
2024-11-07 02:46:03 status half-configured docker-ce:amd64 5:27.3.1-1~ubuntu.24.04~noble
2024-11-07 02:46:05 status installed docker-ce:amd64 5:27.3.1-1~ubuntu.24.04~noble
2024-11-07 02:46:05 trigproc man-db:amd64 2.12.0-4build2 <none>
2024-11-07 02:46:05 status half-configured man-db:amd64 2.12.0-4build2
2024-11-07 02:46:09 status installed man-db:amd64 2.12.0-4build2
2024-11-07 02:46:09 trigproc libc-bin:amd64 2.39-0ubuntu8.3 <none>
2024-11-07 02:46:09 status half-configured libc-bin:amd64 2.39-0ubuntu8.3
2024-11-07 02:46:09 status installed libc-bin:amd64 2.39-0ubuntu8.3
